src/app/checkout/page.tsx(72,58): error TS2554: Expected 2 arguments, but got 3.
